<html>
<body>
<pre>
<h1>µVision Build Log</h1>
<h2>Tool Versions:</h2>
IDE-Version: ¦ÌVision V5.21.1.0
Copyright (C) 2016 ARM Ltd and ARM Germany GmbH. All rights reserved.
License Information: e e, e, LIC=DSN01-CY3XK-799G1-CI979-AKND4-E3BSP
 
Tool Versions:
Toolchain:       MDK-ARM Professional  Version: 5.21a
Toolchain Path:  C:\Keil_v5\ARM\ARMCC\Bin
C Compiler:      Armcc.exe V5.06 update 3 (build 300)
Assembler:       Armasm.exe V5.06 update 3 (build 300)
Linker/Locator:  ArmLink.exe V5.06 update 3 (build 300)
Library Manager: ArmAr.exe V5.06 update 3 (build 300)
Hex Converter:   FromElf.exe V5.06 update 3 (build 300)
CPU DLL:         SARMCM3.DLL V5.21a
Dialog DLL:      DARMSTM.DLL V1.66.0.1
Target DLL:      Segger\JL2CM3.dll V2.99.23.0
Dialog DLL:      TARMSTM.DLL V1.65.0.0
 
<h2>Project:</h2>
C:\LotteryPLC\MiniVer2_1STMProgramF103ZEMaster\template.uvprojx
Project File Date:  05/28/2019

<h2>Output:</h2>
*** Using Compiler 'V5.06 update 3 (build 300)', folder: 'C:\Keil_v5\ARM\ARMCC\Bin'
Rebuild target 'MASTER'
assembling startup_stm32f10x_hd.s...
compiling core_cm3.c...
compiling misc.c...
compiling stm32f10x_it.c...
compiling system_stm32f10x.c...
compiling stm32f10x_adc.c...
compiling main.c...
USER\main.c(77): warning:  #128-D: loop is not reachable
      while(0){
USER\main.c: 1 warning, 0 errors
compiling stm32f10x_bkp.c...
compiling stm32f10x_crc.c...
compiling stm32f10x_cec.c...
compiling stm32f10x_dbgmcu.c...
compiling stm32f10x_dma.c...
compiling stm32f10x_can.c...
compiling stm32f10x_exti.c...
compiling stm32f10x_dac.c...
compiling stm32f10x_flash.c...
compiling stm32f10x_iwdg.c...
compiling stm32f10x_i2c.c...
compiling stm32f10x_pwr.c...
compiling stm32f10x_fsmc.c...
compiling stm32f10x_gpio.c...
compiling stm32f10x_rcc.c...
compiling stm32f10x_spi.c...
compiling stm32f10x_rtc.c...
compiling stm32f10x_wwdg.c...
compiling stm32f10x_sdio.c...
compiling stm32f10x_usart.c...
compiling stm32f10x_tim.c...
compiling sys.c...
compiling test.c...
compiling delay.c...
compiling upcom.c...
compiling usart.c...
compiling timer.c...
compiling led.c...
compiling door.c...
compiling door_task.c...
compiling led_task.c...
compiling tasks.c...
compiling com_task.c...
linking...
Program Size: Code=4680 RO-data=336 RW-data=112 ZI-data=2696  
FromELF: creating hex file...
".\OBJ\MASTER.axf" - 0 Error(s), 1 Warning(s).
Build Time Elapsed:  00:00:04
</pre>
</body>
</html>
